  Determinando os projetos a serem restaurados...
C:\Projects\kazaz-api\Kazaz.Application\Kazaz.Application.csproj : warning NU1701: O pacote 'Microsoft.AspNet.Identity.Core 2.2.4' foi restaurado usando '.NETFramework,Version=v4.6.1, .NETFramework,Version=v4.6.2, .NETFramework,Version=v4.7, .NETFramework,Version=v4.7.1, .NETFramework,Version=v4.7.2, .NETFramework,Version=v4.8, .NETFramework,Version=v4.8.1' em vez da estrutura de destino do projeto 'net9.0'. Esse pacote pode não ser totalmente compatível com o seu projeto. [C:\Projects\kazaz-api\Kazaz.sln]
C:\Projects\kazaz-api\Kazaz.API\Kazaz.API.csproj : warning NU1701: O pacote 'Microsoft.AspNet.Identity.Core 2.2.4' foi restaurado usando '.NETFramework,Version=v4.6.1, .NETFramework,Version=v4.6.2, .NETFramework,Version=v4.7, .NETFramework,Version=v4.7.1, .NETFramework,Version=v4.7.2, .NETFramework,Version=v4.8, .NETFramework,Version=v4.8.1' em vez da estrutura de destino do projeto 'net9.0'. Esse pacote pode não ser totalmente compatível com o seu projeto. [C:\Projects\kazaz-api\Kazaz.sln]
  Todos os projetos estão atualizados para restauração.
C:\Projects\kazaz-api\Kazaz.Application\Kazaz.Application.csproj : warning NU1701: O pacote 'Microsoft.AspNet.Identity.Core 2.2.4' foi restaurado usando '.NETFramework,Version=v4.6.1, .NETFramework,Version=v4.6.2, .NETFramework,Version=v4.7, .NETFramework,Version=v4.7.1, .NETFramework,Version=v4.7.2, .NETFramework,Version=v4.8, .NETFramework,Version=v4.8.1' em vez da estrutura de destino do projeto 'net9.0'. Esse pacote pode não ser totalmente compatível com o seu projeto.
  Kazaz.Domain -> C:\Projects\kazaz-api\Kazaz.Domain\bin\Debug\net9.0\Kazaz.Domain.dll
C:\Projects\kazaz-api\Kazaz.API\Kazaz.API.csproj : warning NU1701: O pacote 'Microsoft.AspNet.Identity.Core 2.2.4' foi restaurado usando '.NETFramework,Version=v4.6.1, .NETFramework,Version=v4.6.2, .NETFramework,Version=v4.7, .NETFramework,Version=v4.7.1, .NETFramework,Version=v4.7.2, .NETFramework,Version=v4.8, .NETFramework,Version=v4.8.1' em vez da estrutura de destino do projeto 'net9.0'. Esse pacote pode não ser totalmente compatível com o seu projeto.
  Kazaz.Infrastructure -> C:\Projects\kazaz-api\Kazaz.Infrastructure\bin\Debug\net9.0\Kazaz.Infrastructure.dll
  Kazaz.SharedKernel -> C:\Projects\kazaz-api\Kazaz.SharedKernel\bin\Debug\net9.0\Kazaz.SharedKernel.dll
  Kazaz.Application -> C:\Projects\kazaz-api\Kazaz.Application\bin\Debug\net9.0\Kazaz.Application.dll
C:\Program Files\dotnet\sdk\10.0.300\Microsoft.Common.CurrentVersion.targets(5096,5): warning MSB3026: não foi possível copiar "C:\Projects\kazaz-api\Kazaz.Domain\bin\Debug\net9.0\Kazaz.Domain.dll" para "bin\Debug\net9.0\Kazaz.Domain.dll". Iniciando nova tentativa 1 em 1000ms. The process cannot access the file 'C:\Projects\kazaz-api\Kazaz.API\bin\Debug\net9.0\Kazaz.Domain.dll' because it is being used by another process. O arquivo é bloqueado por: "Kazaz.API (12040)" [C:\Projects\kazaz-api\Kazaz.API\Kazaz.API.csproj]
C:\Program Files\dotnet\sdk\10.0.300\Microsoft.Common.CurrentVersion.targets(5096,5): warning MSB3026: não foi possível copiar "C:\Projects\kazaz-api\Kazaz.SharedKernel\bin\Debug\net9.0\Kazaz.SharedKernel.dll" para "bin\Debug\net9.0\Kazaz.SharedKernel.dll". Iniciando nova tentativa 1 em 1000ms. The process cannot access the file 'C:\Projects\kazaz-api\Kazaz.API\bin\Debug\net9.0\Kazaz.SharedKernel.dll' because it is being used by another process. O arquivo é bloqueado por: "Kazaz.API (12040)" [C:\Projects\kazaz-api\Kazaz.API\Kazaz.API.csproj]
C:\Program Files\dotnet\sdk\10.0.300\Microsoft.Common.CurrentVersion.targets(5096,5): warning MSB3026: não foi possível copiar "C:\Projects\kazaz-api\Kazaz.Infrastructure\bin\Debug\net9.0\Kazaz.Infrastructure.dll" para "bin\Debug\net9.0\Kazaz.Infrastructure.dll". Iniciando nova tentativa 1 em 1000ms. The process cannot access the file 'C:\Projects\kazaz-api\Kazaz.API\bin\Debug\net9.0\Kazaz.Infrastructure.dll' because it is being used by another process. O arquivo é bloqueado por: "Microsoft Visual Studio 2022 (9996), Kazaz.API (12040)" [C:\Projects\kazaz-api\Kazaz.API\Kazaz.API.csproj]
C:\Program Files\dotnet\sdk\10.0.300\Microsoft.Common.CurrentVersion.targets(5096,5): warning MSB3026: não foi possível copiar "C:\Projects\kazaz-api\Kazaz.Application\bin\Debug\net9.0\Kazaz.Application.dll" para "bin\Debug\net9.0\Kazaz.Application.dll". Iniciando nova tentativa 1 em 1000ms. The process cannot access the file 'C:\Projects\kazaz-api\Kazaz.API\bin\Debug\net9.0\Kazaz.Application.dll' because it is being used by another process. O arquivo é bloqueado por: "Microsoft Visual Studio 2022 (9996), Kazaz.API (12040)" [C:\Projects\kazaz-api\Kazaz.API\Kazaz.API.csproj]
C:\Program Files\dotnet\sdk\10.0.300\Microsoft.Common.CurrentVersion.targets(5096,5): warning MSB3026: não foi possível copiar "C:\Projects\kazaz-api\Kazaz.SharedKernel\bin\Debug\net9.0\Kazaz.SharedKernel.dll" para "bin\Debug\net9.0\Kazaz.SharedKernel.dll". Iniciando nova tentativa 2 em 1000ms. The process cannot access the file 'C:\Projects\kazaz-api\Kazaz.API\bin\Debug\net9.0\Kazaz.SharedKernel.dll' because it is being used by another process. O arquivo é bloqueado por: "Kazaz.API (12040)" [C:\Projects\kazaz-api\Kazaz.API\Kazaz.API.csproj]
C:\Program Files\dotnet\sdk\10.0.300\Microsoft.Common.CurrentVersion.targets(5096,5): warning MSB3026: não foi possível copiar "C:\Projects\kazaz-api\Kazaz.Domain\bin\Debug\net9.0\Kazaz.Domain.dll" para "bin\Debug\net9.0\Kazaz.Domain.dll". Iniciando nova tentativa 2 em 1000ms. The process cannot access the file 'C:\Projects\kazaz-api\Kazaz.API\bin\Debug\net9.0\Kazaz.Domain.dll' because it is being used by another process. O arquivo é bloqueado por: "Kazaz.API (12040)" [C:\Projects\kazaz-api\Kazaz.API\Kazaz.API.csproj]
C:\Program Files\dotnet\sdk\10.0.300\Microsoft.Common.CurrentVersion.targets(5096,5): warning MSB3026: não foi possível copiar "C:\Projects\kazaz-api\Kazaz.Application\bin\Debug\net9.0\Kazaz.Application.dll" para "bin\Debug\net9.0\Kazaz.Application.dll". Iniciando nova tentativa 2 em 1000ms. The process cannot access the file 'C:\Projects\kazaz-api\Kazaz.API\bin\Debug\net9.0\Kazaz.Application.dll' because it is being used by another process. O arquivo é bloqueado por: "Microsoft Visual Studio 2022 (9996), Kazaz.API (12040)" [C:\Projects\kazaz-api\Kazaz.API\Kazaz.API.csproj]
C:\Program Files\dotnet\sdk\10.0.300\Microsoft.Common.CurrentVersion.targets(5096,5): warning MSB3026: não foi possível copiar "C:\Projects\kazaz-api\Kazaz.Infrastructure\bin\Debug\net9.0\Kazaz.Infrastructure.dll" para "bin\Debug\net9.0\Kazaz.Infrastructure.dll". Iniciando nova tentativa 2 em 1000ms. The process cannot access the file 'C:\Projects\kazaz-api\Kazaz.API\bin\Debug\net9.0\Kazaz.Infrastructure.dll' because it is being used by another process. O arquivo é bloqueado por: "Microsoft Visual Studio 2022 (9996), Kazaz.API (12040)" [C:\Projects\kazaz-api\Kazaz.API\Kazaz.API.csproj]
C:\Program Files\dotnet\sdk\10.0.300\Microsoft.Common.CurrentVersion.targets(5096,5): warning MSB3026: não foi possível copiar "C:\Projects\kazaz-api\Kazaz.SharedKernel\bin\Debug\net9.0\Kazaz.SharedKernel.dll" para "bin\Debug\net9.0\Kazaz.SharedKernel.dll". Iniciando nova tentativa 3 em 1000ms. The process cannot access the file 'C:\Projects\kazaz-api\Kazaz.API\bin\Debug\net9.0\Kazaz.SharedKernel.dll' because it is being used by another process. O arquivo é bloqueado por: "Kazaz.API (12040)" [C:\Projects\kazaz-api\Kazaz.API\Kazaz.API.csproj]
C:\Program Files\dotnet\sdk\10.0.300\Microsoft.Common.CurrentVersion.targets(5096,5): warning MSB3026: não foi possível copiar "C:\Projects\kazaz-api\Kazaz.Domain\bin\Debug\net9.0\Kazaz.Domain.dll" para "bin\Debug\net9.0\Kazaz.Domain.dll". Iniciando nova tentativa 3 em 1000ms. The process cannot access the file 'C:\Projects\kazaz-api\Kazaz.API\bin\Debug\net9.0\Kazaz.Domain.dll' because it is being used by another process. O arquivo é bloqueado por: "Kazaz.API (12040)" [C:\Projects\kazaz-api\Kazaz.API\Kazaz.API.csproj]
C:\Program Files\dotnet\sdk\10.0.300\Microsoft.Common.CurrentVersion.targets(5096,5): warning MSB3026: não foi possível copiar "C:\Projects\kazaz-api\Kazaz.Application\bin\Debug\net9.0\Kazaz.Application.dll" para "bin\Debug\net9.0\Kazaz.Application.dll". Iniciando nova tentativa 3 em 1000ms. The process cannot access the file 'C:\Projects\kazaz-api\Kazaz.API\bin\Debug\net9.0\Kazaz.Application.dll' because it is being used by another process. O arquivo é bloqueado por: "Microsoft Visual Studio 2022 (9996), Kazaz.API (12040)" [C:\Projects\kazaz-api\Kazaz.API\Kazaz.API.csproj]
C:\Program Files\dotnet\sdk\10.0.300\Microsoft.Common.CurrentVersion.targets(5096,5): warning MSB3026: não foi possível copiar "C:\Projects\kazaz-api\Kazaz.Infrastructure\bin\Debug\net9.0\Kazaz.Infrastructure.dll" para "bin\Debug\net9.0\Kazaz.Infrastructure.dll". Iniciando nova tentativa 3 em 1000ms. The process cannot access the file 'C:\Projects\kazaz-api\Kazaz.API\bin\Debug\net9.0\Kazaz.Infrastructure.dll' because it is being used by another process. O arquivo é bloqueado por: "Microsoft Visual Studio 2022 (9996), Kazaz.API (12040)" [C:\Projects\kazaz-api\Kazaz.API\Kazaz.API.csproj]
C:\Program Files\dotnet\sdk\10.0.300\Microsoft.Common.CurrentVersion.targets(5096,5): warning MSB3026: não foi possível copiar "C:\Projects\kazaz-api\Kazaz.SharedKernel\bin\Debug\net9.0\Kazaz.SharedKernel.dll" para "bin\Debug\net9.0\Kazaz.SharedKernel.dll". Iniciando nova tentativa 4 em 1000ms. The process cannot access the file 'C:\Projects\kazaz-api\Kazaz.API\bin\Debug\net9.0\Kazaz.SharedKernel.dll' because it is being used by another process. O arquivo é bloqueado por: "Kazaz.API (12040)" [C:\Projects\kazaz-api\Kazaz.API\Kazaz.API.csproj]
C:\Program Files\dotnet\sdk\10.0.300\Microsoft.Common.CurrentVersion.targets(5096,5): warning MSB3026: não foi possível copiar "C:\Projects\kazaz-api\Kazaz.Domain\bin\Debug\net9.0\Kazaz.Domain.dll" para "bin\Debug\net9.0\Kazaz.Domain.dll". Iniciando nova tentativa 4 em 1000ms. The process cannot access the file 'C:\Projects\kazaz-api\Kazaz.API\bin\Debug\net9.0\Kazaz.Domain.dll' because it is being used by another process. O arquivo é bloqueado por: "Kazaz.API (12040)" [C:\Projects\kazaz-api\Kazaz.API\Kazaz.API.csproj]
C:\Program Files\dotnet\sdk\10.0.300\Microsoft.Common.CurrentVersion.targets(5096,5): warning MSB3026: não foi possível copiar "C:\Projects\kazaz-api\Kazaz.Infrastructure\bin\Debug\net9.0\Kazaz.Infrastructure.dll" para "bin\Debug\net9.0\Kazaz.Infrastructure.dll". Iniciando nova tentativa 4 em 1000ms. The process cannot access the file 'C:\Projects\kazaz-api\Kazaz.API\bin\Debug\net9.0\Kazaz.Infrastructure.dll' because it is being used by another process. O arquivo é bloqueado por: "Microsoft Visual Studio 2022 (9996), Kazaz.API (12040)" [C:\Projects\kazaz-api\Kazaz.API\Kazaz.API.csproj]
C:\Program Files\dotnet\sdk\10.0.300\Microsoft.Common.CurrentVersion.targets(5096,5): warning MSB3026: não foi possível copiar "C:\Projects\kazaz-api\Kazaz.Application\bin\Debug\net9.0\Kazaz.Application.dll" para "bin\Debug\net9.0\Kazaz.Application.dll". Iniciando nova tentativa 4 em 1000ms. The process cannot access the file 'C:\Projects\kazaz-api\Kazaz.API\bin\Debug\net9.0\Kazaz.Application.dll' because it is being used by another process. O arquivo é bloqueado por: "Microsoft Visual Studio 2022 (9996), Kazaz.API (12040)" [C:\Projects\kazaz-api\Kazaz.API\Kazaz.API.csproj]
C:\Program Files\dotnet\sdk\10.0.300\Microsoft.Common.CurrentVersion.targets(5096,5): warning MSB3026: não foi possível copiar "C:\Projects\kazaz-api\Kazaz.SharedKernel\bin\Debug\net9.0\Kazaz.SharedKernel.dll" para "bin\Debug\net9.0\Kazaz.SharedKernel.dll". Iniciando nova tentativa 5 em 1000ms. The process cannot access the file 'C:\Projects\kazaz-api\Kazaz.API\bin\Debug\net9.0\Kazaz.SharedKernel.dll' because it is being used by another process. O arquivo é bloqueado por: "Kazaz.API (12040)" [C:\Projects\kazaz-api\Kazaz.API\Kazaz.API.csproj]
C:\Program Files\dotnet\sdk\10.0.300\Microsoft.Common.CurrentVersion.targets(5096,5): warning MSB3026: não foi possível copiar "C:\Projects\kazaz-api\Kazaz.Domain\bin\Debug\net9.0\Kazaz.Domain.dll" para "bin\Debug\net9.0\Kazaz.Domain.dll". Iniciando nova tentativa 5 em 1000ms. The process cannot access the file 'C:\Projects\kazaz-api\Kazaz.API\bin\Debug\net9.0\Kazaz.Domain.dll' because it is being used by another process. O arquivo é bloqueado por: "Kazaz.API (12040)" [C:\Projects\kazaz-api\Kazaz.API\Kazaz.API.csproj]
C:\Program Files\dotnet\sdk\10.0.300\Microsoft.Common.CurrentVersion.targets(5096,5): warning MSB3026: não foi possível copiar "C:\Projects\kazaz-api\Kazaz.Application\bin\Debug\net9.0\Kazaz.Application.dll" para "bin\Debug\net9.0\Kazaz.Application.dll". Iniciando nova tentativa 5 em 1000ms. The process cannot access the file 'C:\Projects\kazaz-api\Kazaz.API\bin\Debug\net9.0\Kazaz.Application.dll' because it is being used by another process. O arquivo é bloqueado por: "Microsoft Visual Studio 2022 (9996), Kazaz.API (12040)" [C:\Projects\kazaz-api\Kazaz.API\Kazaz.API.csproj]
C:\Program Files\dotnet\sdk\10.0.300\Microsoft.Common.CurrentVersion.targets(5096,5): warning MSB3026: não foi possível copiar "C:\Projects\kazaz-api\Kazaz.Infrastructure\bin\Debug\net9.0\Kazaz.Infrastructure.dll" para "bin\Debug\net9.0\Kazaz.Infrastructure.dll". Iniciando nova tentativa 5 em 1000ms. The process cannot access the file 'C:\Projects\kazaz-api\Kazaz.API\bin\Debug\net9.0\Kazaz.Infrastructure.dll' because it is being used by another process. O arquivo é bloqueado por: "Microsoft Visual Studio 2022 (9996), Kazaz.API (12040)" [C:\Projects\kazaz-api\Kazaz.API\Kazaz.API.csproj]
C:\Program Files\dotnet\sdk\10.0.300\Microsoft.Common.CurrentVersion.targets(5096,5): warning MSB3026: não foi possível copiar "C:\Projects\kazaz-api\Kazaz.Domain\bin\Debug\net9.0\Kazaz.Domain.dll" para "bin\Debug\net9.0\Kazaz.Domain.dll". Iniciando nova tentativa 6 em 1000ms. The process cannot access the file 'C:\Projects\kazaz-api\Kazaz.API\bin\Debug\net9.0\Kazaz.Domain.dll' because it is being used by another process. O arquivo é bloqueado por: "Kazaz.API (12040)" [C:\Projects\kazaz-api\Kazaz.API\Kazaz.API.csproj]
C:\Program Files\dotnet\sdk\10.0.300\Microsoft.Common.CurrentVersion.targets(5096,5): warning MSB3026: não foi possível copiar "C:\Projects\kazaz-api\Kazaz.SharedKernel\bin\Debug\net9.0\Kazaz.SharedKernel.dll" para "bin\Debug\net9.0\Kazaz.SharedKernel.dll". Iniciando nova tentativa 6 em 1000ms. The process cannot access the file 'C:\Projects\kazaz-api\Kazaz.API\bin\Debug\net9.0\Kazaz.SharedKernel.dll' because it is being used by another process. O arquivo é bloqueado por: "Kazaz.API (12040)" [C:\Projects\kazaz-api\Kazaz.API\Kazaz.API.csproj]
C:\Program Files\dotnet\sdk\10.0.300\Microsoft.Common.CurrentVersion.targets(5096,5): warning MSB3026: não foi possível copiar "C:\Projects\kazaz-api\Kazaz.Infrastructure\bin\Debug\net9.0\Kazaz.Infrastructure.dll" para "bin\Debug\net9.0\Kazaz.Infrastructure.dll". Iniciando nova tentativa 6 em 1000ms. The process cannot access the file 'C:\Projects\kazaz-api\Kazaz.API\bin\Debug\net9.0\Kazaz.Infrastructure.dll' because it is being used by another process. O arquivo é bloqueado por: "Microsoft Visual Studio 2022 (9996), Kazaz.API (12040)" [C:\Projects\kazaz-api\Kazaz.API\Kazaz.API.csproj]
C:\Program Files\dotnet\sdk\10.0.300\Microsoft.Common.CurrentVersion.targets(5096,5): warning MSB3026: não foi possível copiar "C:\Projects\kazaz-api\Kazaz.Application\bin\Debug\net9.0\Kazaz.Application.dll" para "bin\Debug\net9.0\Kazaz.Application.dll". Iniciando nova tentativa 6 em 1000ms. The process cannot access the file 'C:\Projects\kazaz-api\Kazaz.API\bin\Debug\net9.0\Kazaz.Application.dll' because it is being used by another process. O arquivo é bloqueado por: "Microsoft Visual Studio 2022 (9996), Kazaz.API (12040)" [C:\Projects\kazaz-api\Kazaz.API\Kazaz.API.csproj]
C:\Program Files\dotnet\sdk\10.0.300\Microsoft.Common.CurrentVersion.targets(5096,5): warning MSB3026: não foi possível copiar "C:\Projects\kazaz-api\Kazaz.SharedKernel\bin\Debug\net9.0\Kazaz.SharedKernel.dll" para "bin\Debug\net9.0\Kazaz.SharedKernel.dll". Iniciando nova tentativa 7 em 1000ms. The process cannot access the file 'C:\Projects\kazaz-api\Kazaz.API\bin\Debug\net9.0\Kazaz.SharedKernel.dll' because it is being used by another process. O arquivo é bloqueado por: "Kazaz.API (12040)" [C:\Projects\kazaz-api\Kazaz.API\Kazaz.API.csproj]
C:\Program Files\dotnet\sdk\10.0.300\Microsoft.Common.CurrentVersion.targets(5096,5): warning MSB3026: não foi possível copiar "C:\Projects\kazaz-api\Kazaz.Domain\bin\Debug\net9.0\Kazaz.Domain.dll" para "bin\Debug\net9.0\Kazaz.Domain.dll". Iniciando nova tentativa 7 em 1000ms. The process cannot access the file 'C:\Projects\kazaz-api\Kazaz.API\bin\Debug\net9.0\Kazaz.Domain.dll' because it is being used by another process. O arquivo é bloqueado por: "Kazaz.API (12040)" [C:\Projects\kazaz-api\Kazaz.API\Kazaz.API.csproj]
C:\Program Files\dotnet\sdk\10.0.300\Microsoft.Common.CurrentVersion.targets(5096,5): warning MSB3026: não foi possível copiar "C:\Projects\kazaz-api\Kazaz.Infrastructure\bin\Debug\net9.0\Kazaz.Infrastructure.dll" para "bin\Debug\net9.0\Kazaz.Infrastructure.dll". Iniciando nova tentativa 7 em 1000ms. The process cannot access the file 'C:\Projects\kazaz-api\Kazaz.API\bin\Debug\net9.0\Kazaz.Infrastructure.dll' because it is being used by another process. O arquivo é bloqueado por: "Microsoft Visual Studio 2022 (9996), Kazaz.API (12040)" [C:\Projects\kazaz-api\Kazaz.API\Kazaz.API.csproj]
C:\Program Files\dotnet\sdk\10.0.300\Microsoft.Common.CurrentVersion.targets(5096,5): warning MSB3026: não foi possível copiar "C:\Projects\kazaz-api\Kazaz.Application\bin\Debug\net9.0\Kazaz.Application.dll" para "bin\Debug\net9.0\Kazaz.Application.dll". Iniciando nova tentativa 7 em 1000ms. The process cannot access the file 'C:\Projects\kazaz-api\Kazaz.API\bin\Debug\net9.0\Kazaz.Application.dll' because it is being used by another process. O arquivo é bloqueado por: "Microsoft Visual Studio 2022 (9996), Kazaz.API (12040)" [C:\Projects\kazaz-api\Kazaz.API\Kazaz.API.csproj]
C:\Program Files\dotnet\sdk\10.0.300\Microsoft.Common.CurrentVersion.targets(5096,5): warning MSB3026: não foi possível copiar "C:\Projects\kazaz-api\Kazaz.Domain\bin\Debug\net9.0\Kazaz.Domain.dll" para "bin\Debug\net9.0\Kazaz.Domain.dll". Iniciando nova tentativa 8 em 1000ms. The process cannot access the file 'C:\Projects\kazaz-api\Kazaz.API\bin\Debug\net9.0\Kazaz.Domain.dll' because it is being used by another process. O arquivo é bloqueado por: "Kazaz.API (12040)" [C:\Projects\kazaz-api\Kazaz.API\Kazaz.API.csproj]
C:\Program Files\dotnet\sdk\10.0.300\Microsoft.Common.CurrentVersion.targets(5096,5): warning MSB3026: não foi possível copiar "C:\Projects\kazaz-api\Kazaz.SharedKernel\bin\Debug\net9.0\Kazaz.SharedKernel.dll" para "bin\Debug\net9.0\Kazaz.SharedKernel.dll". Iniciando nova tentativa 8 em 1000ms. The process cannot access the file 'C:\Projects\kazaz-api\Kazaz.API\bin\Debug\net9.0\Kazaz.SharedKernel.dll' because it is being used by another process. O arquivo é bloqueado por: "Kazaz.API (12040)" [C:\Projects\kazaz-api\Kazaz.API\Kazaz.API.csproj]
C:\Program Files\dotnet\sdk\10.0.300\Microsoft.Common.CurrentVersion.targets(5096,5): warning MSB3026: não foi possível copiar "C:\Projects\kazaz-api\Kazaz.Infrastructure\bin\Debug\net9.0\Kazaz.Infrastructure.dll" para "bin\Debug\net9.0\Kazaz.Infrastructure.dll". Iniciando nova tentativa 8 em 1000ms. The process cannot access the file 'C:\Projects\kazaz-api\Kazaz.API\bin\Debug\net9.0\Kazaz.Infrastructure.dll' because it is being used by another process. O arquivo é bloqueado por: "Microsoft Visual Studio 2022 (9996), Kazaz.API (12040)" [C:\Projects\kazaz-api\Kazaz.API\Kazaz.API.csproj]
C:\Program Files\dotnet\sdk\10.0.300\Microsoft.Common.CurrentVersion.targets(5096,5): warning MSB3026: não foi possível copiar "C:\Projects\kazaz-api\Kazaz.Application\bin\Debug\net9.0\Kazaz.Application.dll" para "bin\Debug\net9.0\Kazaz.Application.dll". Iniciando nova tentativa 8 em 1000ms. The process cannot access the file 'C:\Projects\kazaz-api\Kazaz.API\bin\Debug\net9.0\Kazaz.Application.dll' because it is being used by another process. O arquivo é bloqueado por: "Microsoft Visual Studio 2022 (9996), Kazaz.API (12040)" [C:\Projects\kazaz-api\Kazaz.API\Kazaz.API.csproj]
C:\Program Files\dotnet\sdk\10.0.300\Microsoft.Common.CurrentVersion.targets(5096,5): warning MSB3026: não foi possível copiar "C:\Projects\kazaz-api\Kazaz.SharedKernel\bin\Debug\net9.0\Kazaz.SharedKernel.dll" para "bin\Debug\net9.0\Kazaz.SharedKernel.dll". Iniciando nova tentativa 9 em 1000ms. The process cannot access the file 'C:\Projects\kazaz-api\Kazaz.API\bin\Debug\net9.0\Kazaz.SharedKernel.dll' because it is being used by another process. O arquivo é bloqueado por: "Kazaz.API (12040)" [C:\Projects\kazaz-api\Kazaz.API\Kazaz.API.csproj]
C:\Program Files\dotnet\sdk\10.0.300\Microsoft.Common.CurrentVersion.targets(5096,5): warning MSB3026: não foi possível copiar "C:\Projects\kazaz-api\Kazaz.Domain\bin\Debug\net9.0\Kazaz.Domain.dll" para "bin\Debug\net9.0\Kazaz.Domain.dll". Iniciando nova tentativa 9 em 1000ms. The process cannot access the file 'C:\Projects\kazaz-api\Kazaz.API\bin\Debug\net9.0\Kazaz.Domain.dll' because it is being used by another process. O arquivo é bloqueado por: "Kazaz.API (12040)" [C:\Projects\kazaz-api\Kazaz.API\Kazaz.API.csproj]
C:\Program Files\dotnet\sdk\10.0.300\Microsoft.Common.CurrentVersion.targets(5096,5): warning MSB3026: não foi possível copiar "C:\Projects\kazaz-api\Kazaz.Infrastructure\bin\Debug\net9.0\Kazaz.Infrastructure.dll" para "bin\Debug\net9.0\Kazaz.Infrastructure.dll". Iniciando nova tentativa 9 em 1000ms. The process cannot access the file 'C:\Projects\kazaz-api\Kazaz.API\bin\Debug\net9.0\Kazaz.Infrastructure.dll' because it is being used by another process. O arquivo é bloqueado por: "Microsoft Visual Studio 2022 (9996), Kazaz.API (12040)" [C:\Projects\kazaz-api\Kazaz.API\Kazaz.API.csproj]
C:\Program Files\dotnet\sdk\10.0.300\Microsoft.Common.CurrentVersion.targets(5096,5): warning MSB3026: não foi possível copiar "C:\Projects\kazaz-api\Kazaz.Application\bin\Debug\net9.0\Kazaz.Application.dll" para "bin\Debug\net9.0\Kazaz.Application.dll". Iniciando nova tentativa 9 em 1000ms. The process cannot access the file 'C:\Projects\kazaz-api\Kazaz.API\bin\Debug\net9.0\Kazaz.Application.dll' because it is being used by another process. O arquivo é bloqueado por: "Microsoft Visual Studio 2022 (9996), Kazaz.API (12040)" [C:\Projects\kazaz-api\Kazaz.API\Kazaz.API.csproj]
C:\Program Files\dotnet\sdk\10.0.300\Microsoft.Common.CurrentVersion.targets(5096,5): warning MSB3026: não foi possível copiar "C:\Projects\kazaz-api\Kazaz.Domain\bin\Debug\net9.0\Kazaz.Domain.dll" para "bin\Debug\net9.0\Kazaz.Domain.dll". Iniciando nova tentativa 10 em 1000ms. The process cannot access the file 'C:\Projects\kazaz-api\Kazaz.API\bin\Debug\net9.0\Kazaz.Domain.dll' because it is being used by another process. O arquivo é bloqueado por: "Kazaz.API (12040)" [C:\Projects\kazaz-api\Kazaz.API\Kazaz.API.csproj]
C:\Program Files\dotnet\sdk\10.0.300\Microsoft.Common.CurrentVersion.targets(5096,5): warning MSB3026: não foi possível copiar "C:\Projects\kazaz-api\Kazaz.SharedKernel\bin\Debug\net9.0\Kazaz.SharedKernel.dll" para "bin\Debug\net9.0\Kazaz.SharedKernel.dll". Iniciando nova tentativa 10 em 1000ms. The process cannot access the file 'C:\Projects\kazaz-api\Kazaz.API\bin\Debug\net9.0\Kazaz.SharedKernel.dll' because it is being used by another process. O arquivo é bloqueado por: "Kazaz.API (12040)" [C:\Projects\kazaz-api\Kazaz.API\Kazaz.API.csproj]
C:\Program Files\dotnet\sdk\10.0.300\Microsoft.Common.CurrentVersion.targets(5096,5): warning MSB3026: não foi possível copiar "C:\Projects\kazaz-api\Kazaz.Infrastructure\bin\Debug\net9.0\Kazaz.Infrastructure.dll" para "bin\Debug\net9.0\Kazaz.Infrastructure.dll". Iniciando nova tentativa 10 em 1000ms. The process cannot access the file 'C:\Projects\kazaz-api\Kazaz.API\bin\Debug\net9.0\Kazaz.Infrastructure.dll' because it is being used by another process. O arquivo é bloqueado por: "Microsoft Visual Studio 2022 (9996), Kazaz.API (12040)" [C:\Projects\kazaz-api\Kazaz.API\Kazaz.API.csproj]
C:\Program Files\dotnet\sdk\10.0.300\Microsoft.Common.CurrentVersion.targets(5096,5): warning MSB3026: não foi possível copiar "C:\Projects\kazaz-api\Kazaz.Application\bin\Debug\net9.0\Kazaz.Application.dll" para "bin\Debug\net9.0\Kazaz.Application.dll". Iniciando nova tentativa 10 em 1000ms. The process cannot access the file 'C:\Projects\kazaz-api\Kazaz.API\bin\Debug\net9.0\Kazaz.Application.dll' because it is being used by another process. O arquivo é bloqueado por: "Microsoft Visual Studio 2022 (9996), Kazaz.API (12040)" [C:\Projects\kazaz-api\Kazaz.API\Kazaz.API.csproj]
C:\Program Files\dotnet\sdk\10.0.300\Microsoft.Common.CurrentVersion.targets(5096,5): error MSB3027: não foi possível copiar "C:\Projects\kazaz-api\Kazaz.Domain\bin\Debug\net9.0\Kazaz.Domain.dll" para "bin\Debug\net9.0\Kazaz.Domain.dll". Número de novas tentativas 10 excedido. Falha. O arquivo é bloqueado por: "Kazaz.API (12040)" [C:\Projects\kazaz-api\Kazaz.API\Kazaz.API.csproj]
C:\Program Files\dotnet\sdk\10.0.300\Microsoft.Common.CurrentVersion.targets(5096,5): error MSB3021: Não é possível copiar o arquivo "C:\Projects\kazaz-api\Kazaz.Domain\bin\Debug\net9.0\Kazaz.Domain.dll" para "bin\Debug\net9.0\Kazaz.Domain.dll". The process cannot access the file 'C:\Projects\kazaz-api\Kazaz.API\bin\Debug\net9.0\Kazaz.Domain.dll' because it is being used by another process. [C:\Projects\kazaz-api\Kazaz.API\Kazaz.API.csproj]
C:\Program Files\dotnet\sdk\10.0.300\Microsoft.Common.CurrentVersion.targets(5096,5): error MSB3027: não foi possível copiar "C:\Projects\kazaz-api\Kazaz.SharedKernel\bin\Debug\net9.0\Kazaz.SharedKernel.dll" para "bin\Debug\net9.0\Kazaz.SharedKernel.dll". Número de novas tentativas 10 excedido. Falha. O arquivo é bloqueado por: "Kazaz.API (12040)" [C:\Projects\kazaz-api\Kazaz.API\Kazaz.API.csproj]
C:\Program Files\dotnet\sdk\10.0.300\Microsoft.Common.CurrentVersion.targets(5096,5): error MSB3021: Não é possível copiar o arquivo "C:\Projects\kazaz-api\Kazaz.SharedKernel\bin\Debug\net9.0\Kazaz.SharedKernel.dll" para "bin\Debug\net9.0\Kazaz.SharedKernel.dll". The process cannot access the file 'C:\Projects\kazaz-api\Kazaz.API\bin\Debug\net9.0\Kazaz.SharedKernel.dll' because it is being used by another process. [C:\Projects\kazaz-api\Kazaz.API\Kazaz.API.csproj]
C:\Program Files\dotnet\sdk\10.0.300\Microsoft.Common.CurrentVersion.targets(5096,5): error MSB3027: não foi possível copiar "C:\Projects\kazaz-api\Kazaz.Infrastructure\bin\Debug\net9.0\Kazaz.Infrastructure.dll" para "bin\Debug\net9.0\Kazaz.Infrastructure.dll". Número de novas tentativas 10 excedido. Falha. O arquivo é bloqueado por: "Microsoft Visual Studio 2022 (9996), Kazaz.API (12040)" [C:\Projects\kazaz-api\Kazaz.API\Kazaz.API.csproj]
C:\Program Files\dotnet\sdk\10.0.300\Microsoft.Common.CurrentVersion.targets(5096,5): error MSB3021: Não é possível copiar o arquivo "C:\Projects\kazaz-api\Kazaz.Infrastructure\bin\Debug\net9.0\Kazaz.Infrastructure.dll" para "bin\Debug\net9.0\Kazaz.Infrastructure.dll". The process cannot access the file 'C:\Projects\kazaz-api\Kazaz.API\bin\Debug\net9.0\Kazaz.Infrastructure.dll' because it is being used by another process. [C:\Projects\kazaz-api\Kazaz.API\Kazaz.API.csproj]
C:\Program Files\dotnet\sdk\10.0.300\Microsoft.Common.CurrentVersion.targets(5096,5): error MSB3027: não foi possível copiar "C:\Projects\kazaz-api\Kazaz.Application\bin\Debug\net9.0\Kazaz.Application.dll" para "bin\Debug\net9.0\Kazaz.Application.dll". Número de novas tentativas 10 excedido. Falha. O arquivo é bloqueado por: "Microsoft Visual Studio 2022 (9996), Kazaz.API (12040)" [C:\Projects\kazaz-api\Kazaz.API\Kazaz.API.csproj]
C:\Program Files\dotnet\sdk\10.0.300\Microsoft.Common.CurrentVersion.targets(5096,5): error MSB3021: Não é possível copiar o arquivo "C:\Projects\kazaz-api\Kazaz.Application\bin\Debug\net9.0\Kazaz.Application.dll" para "bin\Debug\net9.0\Kazaz.Application.dll". The process cannot access the file 'C:\Projects\kazaz-api\Kazaz.API\bin\Debug\net9.0\Kazaz.Application.dll' because it is being used by another process. [C:\Projects\kazaz-api\Kazaz.API\Kazaz.API.csproj]

FALHA da compilação.

C:\Projects\kazaz-api\Kazaz.Application\Kazaz.Application.csproj : warning NU1701: O pacote 'Microsoft.AspNet.Identity.Core 2.2.4' foi restaurado usando '.NETFramework,Version=v4.6.1, .NETFramework,Version=v4.6.2, .NETFramework,Version=v4.7, .NETFramework,Version=v4.7.1, .NETFramework,Version=v4.7.2, .NETFramework,Version=v4.8, .NETFramework,Version=v4.8.1' em vez da estrutura de destino do projeto 'net9.0'. Esse pacote pode não ser totalmente compatível com o seu projeto. [C:\Projects\kazaz-api\Kazaz.sln]
C:\Projects\kazaz-api\Kazaz.API\Kazaz.API.csproj : warning NU1701: O pacote 'Microsoft.AspNet.Identity.Core 2.2.4' foi restaurado usando '.NETFramework,Version=v4.6.1, .NETFramework,Version=v4.6.2, .NETFramework,Version=v4.7, .NETFramework,Version=v4.7.1, .NETFramework,Version=v4.7.2, .NETFramework,Version=v4.8, .NETFramework,Version=v4.8.1' em vez da estrutura de destino do projeto 'net9.0'. Esse pacote pode não ser totalmente compatível com o seu projeto. [C:\Projects\kazaz-api\Kazaz.sln]
C:\Projects\kazaz-api\Kazaz.Application\Kazaz.Application.csproj : warning NU1701: O pacote 'Microsoft.AspNet.Identity.Core 2.2.4' foi restaurado usando '.NETFramework,Version=v4.6.1, .NETFramework,Version=v4.6.2, .NETFramework,Version=v4.7, .NETFramework,Version=v4.7.1, .NETFramework,Version=v4.7.2, .NETFramework,Version=v4.8, .NETFramework,Version=v4.8.1' em vez da estrutura de destino do projeto 'net9.0'. Esse pacote pode não ser totalmente compatível com o seu projeto.
C:\Projects\kazaz-api\Kazaz.API\Kazaz.API.csproj : warning NU1701: O pacote 'Microsoft.AspNet.Identity.Core 2.2.4' foi restaurado usando '.NETFramework,Version=v4.6.1, .NETFramework,Version=v4.6.2, .NETFramework,Version=v4.7, .NETFramework,Version=v4.7.1, .NETFramework,Version=v4.7.2, .NETFramework,Version=v4.8, .NETFramework,Version=v4.8.1' em vez da estrutura de destino do projeto 'net9.0'. Esse pacote pode não ser totalmente compatível com o seu projeto.
C:\Program Files\dotnet\sdk\10.0.300\Microsoft.Common.CurrentVersion.targets(5096,5): warning MSB3026: não foi possível copiar "C:\Projects\kazaz-api\Kazaz.Domain\bin\Debug\net9.0\Kazaz.Domain.dll" para "bin\Debug\net9.0\Kazaz.Domain.dll". Iniciando nova tentativa 1 em 1000ms. The process cannot access the file 'C:\Projects\kazaz-api\Kazaz.API\bin\Debug\net9.0\Kazaz.Domain.dll' because it is being used by another process. O arquivo é bloqueado por: "Kazaz.API (12040)" [C:\Projects\kazaz-api\Kazaz.API\Kazaz.API.csproj]
C:\Program Files\dotnet\sdk\10.0.300\Microsoft.Common.CurrentVersion.targets(5096,5): warning MSB3026: não foi possível copiar "C:\Projects\kazaz-api\Kazaz.SharedKernel\bin\Debug\net9.0\Kazaz.SharedKernel.dll" para "bin\Debug\net9.0\Kazaz.SharedKernel.dll". Iniciando nova tentativa 1 em 1000ms. The process cannot access the file 'C:\Projects\kazaz-api\Kazaz.API\bin\Debug\net9.0\Kazaz.SharedKernel.dll' because it is being used by another process. O arquivo é bloqueado por: "Kazaz.API (12040)" [C:\Projects\kazaz-api\Kazaz.API\Kazaz.API.csproj]
C:\Program Files\dotnet\sdk\10.0.300\Microsoft.Common.CurrentVersion.targets(5096,5): warning MSB3026: não foi possível copiar "C:\Projects\kazaz-api\Kazaz.Infrastructure\bin\Debug\net9.0\Kazaz.Infrastructure.dll" para "bin\Debug\net9.0\Kazaz.Infrastructure.dll". Iniciando nova tentativa 1 em 1000ms. The process cannot access the file 'C:\Projects\kazaz-api\Kazaz.API\bin\Debug\net9.0\Kazaz.Infrastructure.dll' because it is being used by another process. O arquivo é bloqueado por: "Microsoft Visual Studio 2022 (9996), Kazaz.API (12040)" [C:\Projects\kazaz-api\Kazaz.API\Kazaz.API.csproj]
C:\Program Files\dotnet\sdk\10.0.300\Microsoft.Common.CurrentVersion.targets(5096,5): warning MSB3026: não foi possível copiar "C:\Projects\kazaz-api\Kazaz.Application\bin\Debug\net9.0\Kazaz.Application.dll" para "bin\Debug\net9.0\Kazaz.Application.dll". Iniciando nova tentativa 1 em 1000ms. The process cannot access the file 'C:\Projects\kazaz-api\Kazaz.API\bin\Debug\net9.0\Kazaz.Application.dll' because it is being used by another process. O arquivo é bloqueado por: "Microsoft Visual Studio 2022 (9996), Kazaz.API (12040)" [C:\Projects\kazaz-api\Kazaz.API\Kazaz.API.csproj]
C:\Program Files\dotnet\sdk\10.0.300\Microsoft.Common.CurrentVersion.targets(5096,5): warning MSB3026: não foi possível copiar "C:\Projects\kazaz-api\Kazaz.SharedKernel\bin\Debug\net9.0\Kazaz.SharedKernel.dll" para "bin\Debug\net9.0\Kazaz.SharedKernel.dll". Iniciando nova tentativa 2 em 1000ms. The process cannot access the file 'C:\Projects\kazaz-api\Kazaz.API\bin\Debug\net9.0\Kazaz.SharedKernel.dll' because it is being used by another process. O arquivo é bloqueado por: "Kazaz.API (12040)" [C:\Projects\kazaz-api\Kazaz.API\Kazaz.API.csproj]
C:\Program Files\dotnet\sdk\10.0.300\Microsoft.Common.CurrentVersion.targets(5096,5): warning MSB3026: não foi possível copiar "C:\Projects\kazaz-api\Kazaz.Domain\bin\Debug\net9.0\Kazaz.Domain.dll" para "bin\Debug\net9.0\Kazaz.Domain.dll". Iniciando nova tentativa 2 em 1000ms. The process cannot access the file 'C:\Projects\kazaz-api\Kazaz.API\bin\Debug\net9.0\Kazaz.Domain.dll' because it is being used by another process. O arquivo é bloqueado por: "Kazaz.API (12040)" [C:\Projects\kazaz-api\Kazaz.API\Kazaz.API.csproj]
C:\Program Files\dotnet\sdk\10.0.300\Microsoft.Common.CurrentVersion.targets(5096,5): warning MSB3026: não foi possível copiar "C:\Projects\kazaz-api\Kazaz.Application\bin\Debug\net9.0\Kazaz.Application.dll" para "bin\Debug\net9.0\Kazaz.Application.dll". Iniciando nova tentativa 2 em 1000ms. The process cannot access the file 'C:\Projects\kazaz-api\Kazaz.API\bin\Debug\net9.0\Kazaz.Application.dll' because it is being used by another process. O arquivo é bloqueado por: "Microsoft Visual Studio 2022 (9996), Kazaz.API (12040)" [C:\Projects\kazaz-api\Kazaz.API\Kazaz.API.csproj]
C:\Program Files\dotnet\sdk\10.0.300\Microsoft.Common.CurrentVersion.targets(5096,5): warning MSB3026: não foi possível copiar "C:\Projects\kazaz-api\Kazaz.Infrastructure\bin\Debug\net9.0\Kazaz.Infrastructure.dll" para "bin\Debug\net9.0\Kazaz.Infrastructure.dll". Iniciando nova tentativa 2 em 1000ms. The process cannot access the file 'C:\Projects\kazaz-api\Kazaz.API\bin\Debug\net9.0\Kazaz.Infrastructure.dll' because it is being used by another process. O arquivo é bloqueado por: "Microsoft Visual Studio 2022 (9996), Kazaz.API (12040)" [C:\Projects\kazaz-api\Kazaz.API\Kazaz.API.csproj]
C:\Program Files\dotnet\sdk\10.0.300\Microsoft.Common.CurrentVersion.targets(5096,5): warning MSB3026: não foi possível copiar "C:\Projects\kazaz-api\Kazaz.SharedKernel\bin\Debug\net9.0\Kazaz.SharedKernel.dll" para "bin\Debug\net9.0\Kazaz.SharedKernel.dll". Iniciando nova tentativa 3 em 1000ms. The process cannot access the file 'C:\Projects\kazaz-api\Kazaz.API\bin\Debug\net9.0\Kazaz.SharedKernel.dll' because it is being used by another process. O arquivo é bloqueado por: "Kazaz.API (12040)" [C:\Projects\kazaz-api\Kazaz.API\Kazaz.API.csproj]
C:\Program Files\dotnet\sdk\10.0.300\Microsoft.Common.CurrentVersion.targets(5096,5): warning MSB3026: não foi possível copiar "C:\Projects\kazaz-api\Kazaz.Domain\bin\Debug\net9.0\Kazaz.Domain.dll" para "bin\Debug\net9.0\Kazaz.Domain.dll". Iniciando nova tentativa 3 em 1000ms. The process cannot access the file 'C:\Projects\kazaz-api\Kazaz.API\bin\Debug\net9.0\Kazaz.Domain.dll' because it is being used by another process. O arquivo é bloqueado por: "Kazaz.API (12040)" [C:\Projects\kazaz-api\Kazaz.API\Kazaz.API.csproj]
C:\Program Files\dotnet\sdk\10.0.300\Microsoft.Common.CurrentVersion.targets(5096,5): warning MSB3026: não foi possível copiar "C:\Projects\kazaz-api\Kazaz.Application\bin\Debug\net9.0\Kazaz.Application.dll" para "bin\Debug\net9.0\Kazaz.Application.dll". Iniciando nova tentativa 3 em 1000ms. The process cannot access the file 'C:\Projects\kazaz-api\Kazaz.API\bin\Debug\net9.0\Kazaz.Application.dll' because it is being used by another process. O arquivo é bloqueado por: "Microsoft Visual Studio 2022 (9996), Kazaz.API (12040)" [C:\Projects\kazaz-api\Kazaz.API\Kazaz.API.csproj]
C:\Program Files\dotnet\sdk\10.0.300\Microsoft.Common.CurrentVersion.targets(5096,5): warning MSB3026: não foi possível copiar "C:\Projects\kazaz-api\Kazaz.Infrastructure\bin\Debug\net9.0\Kazaz.Infrastructure.dll" para "bin\Debug\net9.0\Kazaz.Infrastructure.dll". Iniciando nova tentativa 3 em 1000ms. The process cannot access the file 'C:\Projects\kazaz-api\Kazaz.API\bin\Debug\net9.0\Kazaz.Infrastructure.dll' because it is being used by another process. O arquivo é bloqueado por: "Microsoft Visual Studio 2022 (9996), Kazaz.API (12040)" [C:\Projects\kazaz-api\Kazaz.API\Kazaz.API.csproj]
C:\Program Files\dotnet\sdk\10.0.300\Microsoft.Common.CurrentVersion.targets(5096,5): warning MSB3026: não foi possível copiar "C:\Projects\kazaz-api\Kazaz.SharedKernel\bin\Debug\net9.0\Kazaz.SharedKernel.dll" para "bin\Debug\net9.0\Kazaz.SharedKernel.dll". Iniciando nova tentativa 4 em 1000ms. The process cannot access the file 'C:\Projects\kazaz-api\Kazaz.API\bin\Debug\net9.0\Kazaz.SharedKernel.dll' because it is being used by another process. O arquivo é bloqueado por: "Kazaz.API (12040)" [C:\Projects\kazaz-api\Kazaz.API\Kazaz.API.csproj]
C:\Program Files\dotnet\sdk\10.0.300\Microsoft.Common.CurrentVersion.targets(5096,5): warning MSB3026: não foi possível copiar "C:\Projects\kazaz-api\Kazaz.Domain\bin\Debug\net9.0\Kazaz.Domain.dll" para "bin\Debug\net9.0\Kazaz.Domain.dll". Iniciando nova tentativa 4 em 1000ms. The process cannot access the file 'C:\Projects\kazaz-api\Kazaz.API\bin\Debug\net9.0\Kazaz.Domain.dll' because it is being used by another process. O arquivo é bloqueado por: "Kazaz.API (12040)" [C:\Projects\kazaz-api\Kazaz.API\Kazaz.API.csproj]
C:\Program Files\dotnet\sdk\10.0.300\Microsoft.Common.CurrentVersion.targets(5096,5): warning MSB3026: não foi possível copiar "C:\Projects\kazaz-api\Kazaz.Infrastructure\bin\Debug\net9.0\Kazaz.Infrastructure.dll" para "bin\Debug\net9.0\Kazaz.Infrastructure.dll". Iniciando nova tentativa 4 em 1000ms. The process cannot access the file 'C:\Projects\kazaz-api\Kazaz.API\bin\Debug\net9.0\Kazaz.Infrastructure.dll' because it is being used by another process. O arquivo é bloqueado por: "Microsoft Visual Studio 2022 (9996), Kazaz.API (12040)" [C:\Projects\kazaz-api\Kazaz.API\Kazaz.API.csproj]
C:\Program Files\dotnet\sdk\10.0.300\Microsoft.Common.CurrentVersion.targets(5096,5): warning MSB3026: não foi possível copiar "C:\Projects\kazaz-api\Kazaz.Application\bin\Debug\net9.0\Kazaz.Application.dll" para "bin\Debug\net9.0\Kazaz.Application.dll". Iniciando nova tentativa 4 em 1000ms. The process cannot access the file 'C:\Projects\kazaz-api\Kazaz.API\bin\Debug\net9.0\Kazaz.Application.dll' because it is being used by another process. O arquivo é bloqueado por: "Microsoft Visual Studio 2022 (9996), Kazaz.API (12040)" [C:\Projects\kazaz-api\Kazaz.API\Kazaz.API.csproj]
C:\Program Files\dotnet\sdk\10.0.300\Microsoft.Common.CurrentVersion.targets(5096,5): warning MSB3026: não foi possível copiar "C:\Projects\kazaz-api\Kazaz.SharedKernel\bin\Debug\net9.0\Kazaz.SharedKernel.dll" para "bin\Debug\net9.0\Kazaz.SharedKernel.dll". Iniciando nova tentativa 5 em 1000ms. The process cannot access the file 'C:\Projects\kazaz-api\Kazaz.API\bin\Debug\net9.0\Kazaz.SharedKernel.dll' because it is being used by another process. O arquivo é bloqueado por: "Kazaz.API (12040)" [C:\Projects\kazaz-api\Kazaz.API\Kazaz.API.csproj]
C:\Program Files\dotnet\sdk\10.0.300\Microsoft.Common.CurrentVersion.targets(5096,5): warning MSB3026: não foi possível copiar "C:\Projects\kazaz-api\Kazaz.Domain\bin\Debug\net9.0\Kazaz.Domain.dll" para "bin\Debug\net9.0\Kazaz.Domain.dll". Iniciando nova tentativa 5 em 1000ms. The process cannot access the file 'C:\Projects\kazaz-api\Kazaz.API\bin\Debug\net9.0\Kazaz.Domain.dll' because it is being used by another process. O arquivo é bloqueado por: "Kazaz.API (12040)" [C:\Projects\kazaz-api\Kazaz.API\Kazaz.API.csproj]
C:\Program Files\dotnet\sdk\10.0.300\Microsoft.Common.CurrentVersion.targets(5096,5): warning MSB3026: não foi possível copiar "C:\Projects\kazaz-api\Kazaz.Application\bin\Debug\net9.0\Kazaz.Application.dll" para "bin\Debug\net9.0\Kazaz.Application.dll". Iniciando nova tentativa 5 em 1000ms. The process cannot access the file 'C:\Projects\kazaz-api\Kazaz.API\bin\Debug\net9.0\Kazaz.Application.dll' because it is being used by another process. O arquivo é bloqueado por: "Microsoft Visual Studio 2022 (9996), Kazaz.API (12040)" [C:\Projects\kazaz-api\Kazaz.API\Kazaz.API.csproj]
C:\Program Files\dotnet\sdk\10.0.300\Microsoft.Common.CurrentVersion.targets(5096,5): warning MSB3026: não foi possível copiar "C:\Projects\kazaz-api\Kazaz.Infrastructure\bin\Debug\net9.0\Kazaz.Infrastructure.dll" para "bin\Debug\net9.0\Kazaz.Infrastructure.dll". Iniciando nova tentativa 5 em 1000ms. The process cannot access the file 'C:\Projects\kazaz-api\Kazaz.API\bin\Debug\net9.0\Kazaz.Infrastructure.dll' because it is being used by another process. O arquivo é bloqueado por: "Microsoft Visual Studio 2022 (9996), Kazaz.API (12040)" [C:\Projects\kazaz-api\Kazaz.API\Kazaz.API.csproj]
C:\Program Files\dotnet\sdk\10.0.300\Microsoft.Common.CurrentVersion.targets(5096,5): warning MSB3026: não foi possível copiar "C:\Projects\kazaz-api\Kazaz.Domain\bin\Debug\net9.0\Kazaz.Domain.dll" para "bin\Debug\net9.0\Kazaz.Domain.dll". Iniciando nova tentativa 6 em 1000ms. The process cannot access the file 'C:\Projects\kazaz-api\Kazaz.API\bin\Debug\net9.0\Kazaz.Domain.dll' because it is being used by another process. O arquivo é bloqueado por: "Kazaz.API (12040)" [C:\Projects\kazaz-api\Kazaz.API\Kazaz.API.csproj]
C:\Program Files\dotnet\sdk\10.0.300\Microsoft.Common.CurrentVersion.targets(5096,5): warning MSB3026: não foi possível copiar "C:\Projects\kazaz-api\Kazaz.SharedKernel\bin\Debug\net9.0\Kazaz.SharedKernel.dll" para "bin\Debug\net9.0\Kazaz.SharedKernel.dll". Iniciando nova tentativa 6 em 1000ms. The process cannot access the file 'C:\Projects\kazaz-api\Kazaz.API\bin\Debug\net9.0\Kazaz.SharedKernel.dll' because it is being used by another process. O arquivo é bloqueado por: "Kazaz.API (12040)" [C:\Projects\kazaz-api\Kazaz.API\Kazaz.API.csproj]
C:\Program Files\dotnet\sdk\10.0.300\Microsoft.Common.CurrentVersion.targets(5096,5): warning MSB3026: não foi possível copiar "C:\Projects\kazaz-api\Kazaz.Infrastructure\bin\Debug\net9.0\Kazaz.Infrastructure.dll" para "bin\Debug\net9.0\Kazaz.Infrastructure.dll". Iniciando nova tentativa 6 em 1000ms. The process cannot access the file 'C:\Projects\kazaz-api\Kazaz.API\bin\Debug\net9.0\Kazaz.Infrastructure.dll' because it is being used by another process. O arquivo é bloqueado por: "Microsoft Visual Studio 2022 (9996), Kazaz.API (12040)" [C:\Projects\kazaz-api\Kazaz.API\Kazaz.API.csproj]
C:\Program Files\dotnet\sdk\10.0.300\Microsoft.Common.CurrentVersion.targets(5096,5): warning MSB3026: não foi possível copiar "C:\Projects\kazaz-api\Kazaz.Application\bin\Debug\net9.0\Kazaz.Application.dll" para "bin\Debug\net9.0\Kazaz.Application.dll". Iniciando nova tentativa 6 em 1000ms. The process cannot access the file 'C:\Projects\kazaz-api\Kazaz.API\bin\Debug\net9.0\Kazaz.Application.dll' because it is being used by another process. O arquivo é bloqueado por: "Microsoft Visual Studio 2022 (9996), Kazaz.API (12040)" [C:\Projects\kazaz-api\Kazaz.API\Kazaz.API.csproj]
C:\Program Files\dotnet\sdk\10.0.300\Microsoft.Common.CurrentVersion.targets(5096,5): warning MSB3026: não foi possível copiar "C:\Projects\kazaz-api\Kazaz.SharedKernel\bin\Debug\net9.0\Kazaz.SharedKernel.dll" para "bin\Debug\net9.0\Kazaz.SharedKernel.dll". Iniciando nova tentativa 7 em 1000ms. The process cannot access the file 'C:\Projects\kazaz-api\Kazaz.API\bin\Debug\net9.0\Kazaz.SharedKernel.dll' because it is being used by another process. O arquivo é bloqueado por: "Kazaz.API (12040)" [C:\Projects\kazaz-api\Kazaz.API\Kazaz.API.csproj]
C:\Program Files\dotnet\sdk\10.0.300\Microsoft.Common.CurrentVersion.targets(5096,5): warning MSB3026: não foi possível copiar "C:\Projects\kazaz-api\Kazaz.Domain\bin\Debug\net9.0\Kazaz.Domain.dll" para "bin\Debug\net9.0\Kazaz.Domain.dll". Iniciando nova tentativa 7 em 1000ms. The process cannot access the file 'C:\Projects\kazaz-api\Kazaz.API\bin\Debug\net9.0\Kazaz.Domain.dll' because it is being used by another process. O arquivo é bloqueado por: "Kazaz.API (12040)" [C:\Projects\kazaz-api\Kazaz.API\Kazaz.API.csproj]
C:\Program Files\dotnet\sdk\10.0.300\Microsoft.Common.CurrentVersion.targets(5096,5): warning MSB3026: não foi possível copiar "C:\Projects\kazaz-api\Kazaz.Infrastructure\bin\Debug\net9.0\Kazaz.Infrastructure.dll" para "bin\Debug\net9.0\Kazaz.Infrastructure.dll". Iniciando nova tentativa 7 em 1000ms. The process cannot access the file 'C:\Projects\kazaz-api\Kazaz.API\bin\Debug\net9.0\Kazaz.Infrastructure.dll' because it is being used by another process. O arquivo é bloqueado por: "Microsoft Visual Studio 2022 (9996), Kazaz.API (12040)" [C:\Projects\kazaz-api\Kazaz.API\Kazaz.API.csproj]
C:\Program Files\dotnet\sdk\10.0.300\Microsoft.Common.CurrentVersion.targets(5096,5): warning MSB3026: não foi possível copiar "C:\Projects\kazaz-api\Kazaz.Application\bin\Debug\net9.0\Kazaz.Application.dll" para "bin\Debug\net9.0\Kazaz.Application.dll". Iniciando nova tentativa 7 em 1000ms. The process cannot access the file 'C:\Projects\kazaz-api\Kazaz.API\bin\Debug\net9.0\Kazaz.Application.dll' because it is being used by another process. O arquivo é bloqueado por: "Microsoft Visual Studio 2022 (9996), Kazaz.API (12040)" [C:\Projects\kazaz-api\Kazaz.API\Kazaz.API.csproj]
C:\Program Files\dotnet\sdk\10.0.300\Microsoft.Common.CurrentVersion.targets(5096,5): warning MSB3026: não foi possível copiar "C:\Projects\kazaz-api\Kazaz.Domain\bin\Debug\net9.0\Kazaz.Domain.dll" para "bin\Debug\net9.0\Kazaz.Domain.dll". Iniciando nova tentativa 8 em 1000ms. The process cannot access the file 'C:\Projects\kazaz-api\Kazaz.API\bin\Debug\net9.0\Kazaz.Domain.dll' because it is being used by another process. O arquivo é bloqueado por: "Kazaz.API (12040)" [C:\Projects\kazaz-api\Kazaz.API\Kazaz.API.csproj]
C:\Program Files\dotnet\sdk\10.0.300\Microsoft.Common.CurrentVersion.targets(5096,5): warning MSB3026: não foi possível copiar "C:\Projects\kazaz-api\Kazaz.SharedKernel\bin\Debug\net9.0\Kazaz.SharedKernel.dll" para "bin\Debug\net9.0\Kazaz.SharedKernel.dll". Iniciando nova tentativa 8 em 1000ms. The process cannot access the file 'C:\Projects\kazaz-api\Kazaz.API\bin\Debug\net9.0\Kazaz.SharedKernel.dll' because it is being used by another process. O arquivo é bloqueado por: "Kazaz.API (12040)" [C:\Projects\kazaz-api\Kazaz.API\Kazaz.API.csproj]
C:\Program Files\dotnet\sdk\10.0.300\Microsoft.Common.CurrentVersion.targets(5096,5): warning MSB3026: não foi possível copiar "C:\Projects\kazaz-api\Kazaz.Infrastructure\bin\Debug\net9.0\Kazaz.Infrastructure.dll" para "bin\Debug\net9.0\Kazaz.Infrastructure.dll". Iniciando nova tentativa 8 em 1000ms. The process cannot access the file 'C:\Projects\kazaz-api\Kazaz.API\bin\Debug\net9.0\Kazaz.Infrastructure.dll' because it is being used by another process. O arquivo é bloqueado por: "Microsoft Visual Studio 2022 (9996), Kazaz.API (12040)" [C:\Projects\kazaz-api\Kazaz.API\Kazaz.API.csproj]
C:\Program Files\dotnet\sdk\10.0.300\Microsoft.Common.CurrentVersion.targets(5096,5): warning MSB3026: não foi possível copiar "C:\Projects\kazaz-api\Kazaz.Application\bin\Debug\net9.0\Kazaz.Application.dll" para "bin\Debug\net9.0\Kazaz.Application.dll". Iniciando nova tentativa 8 em 1000ms. The process cannot access the file 'C:\Projects\kazaz-api\Kazaz.API\bin\Debug\net9.0\Kazaz.Application.dll' because it is being used by another process. O arquivo é bloqueado por: "Microsoft Visual Studio 2022 (9996), Kazaz.API (12040)" [C:\Projects\kazaz-api\Kazaz.API\Kazaz.API.csproj]
C:\Program Files\dotnet\sdk\10.0.300\Microsoft.Common.CurrentVersion.targets(5096,5): warning MSB3026: não foi possível copiar "C:\Projects\kazaz-api\Kazaz.SharedKernel\bin\Debug\net9.0\Kazaz.SharedKernel.dll" para "bin\Debug\net9.0\Kazaz.SharedKernel.dll". Iniciando nova tentativa 9 em 1000ms. The process cannot access the file 'C:\Projects\kazaz-api\Kazaz.API\bin\Debug\net9.0\Kazaz.SharedKernel.dll' because it is being used by another process. O arquivo é bloqueado por: "Kazaz.API (12040)" [C:\Projects\kazaz-api\Kazaz.API\Kazaz.API.csproj]
C:\Program Files\dotnet\sdk\10.0.300\Microsoft.Common.CurrentVersion.targets(5096,5): warning MSB3026: não foi possível copiar "C:\Projects\kazaz-api\Kazaz.Domain\bin\Debug\net9.0\Kazaz.Domain.dll" para "bin\Debug\net9.0\Kazaz.Domain.dll". Iniciando nova tentativa 9 em 1000ms. The process cannot access the file 'C:\Projects\kazaz-api\Kazaz.API\bin\Debug\net9.0\Kazaz.Domain.dll' because it is being used by another process. O arquivo é bloqueado por: "Kazaz.API (12040)" [C:\Projects\kazaz-api\Kazaz.API\Kazaz.API.csproj]
C:\Program Files\dotnet\sdk\10.0.300\Microsoft.Common.CurrentVersion.targets(5096,5): warning MSB3026: não foi possível copiar "C:\Projects\kazaz-api\Kazaz.Infrastructure\bin\Debug\net9.0\Kazaz.Infrastructure.dll" para "bin\Debug\net9.0\Kazaz.Infrastructure.dll". Iniciando nova tentativa 9 em 1000ms. The process cannot access the file 'C:\Projects\kazaz-api\Kazaz.API\bin\Debug\net9.0\Kazaz.Infrastructure.dll' because it is being used by another process. O arquivo é bloqueado por: "Microsoft Visual Studio 2022 (9996), Kazaz.API (12040)" [C:\Projects\kazaz-api\Kazaz.API\Kazaz.API.csproj]
C:\Program Files\dotnet\sdk\10.0.300\Microsoft.Common.CurrentVersion.targets(5096,5): warning MSB3026: não foi possível copiar "C:\Projects\kazaz-api\Kazaz.Application\bin\Debug\net9.0\Kazaz.Application.dll" para "bin\Debug\net9.0\Kazaz.Application.dll". Iniciando nova tentativa 9 em 1000ms. The process cannot access the file 'C:\Projects\kazaz-api\Kazaz.API\bin\Debug\net9.0\Kazaz.Application.dll' because it is being used by another process. O arquivo é bloqueado por: "Microsoft Visual Studio 2022 (9996), Kazaz.API (12040)" [C:\Projects\kazaz-api\Kazaz.API\Kazaz.API.csproj]
C:\Program Files\dotnet\sdk\10.0.300\Microsoft.Common.CurrentVersion.targets(5096,5): warning MSB3026: não foi possível copiar "C:\Projects\kazaz-api\Kazaz.Domain\bin\Debug\net9.0\Kazaz.Domain.dll" para "bin\Debug\net9.0\Kazaz.Domain.dll". Iniciando nova tentativa 10 em 1000ms. The process cannot access the file 'C:\Projects\kazaz-api\Kazaz.API\bin\Debug\net9.0\Kazaz.Domain.dll' because it is being used by another process. O arquivo é bloqueado por: "Kazaz.API (12040)" [C:\Projects\kazaz-api\Kazaz.API\Kazaz.API.csproj]
C:\Program Files\dotnet\sdk\10.0.300\Microsoft.Common.CurrentVersion.targets(5096,5): warning MSB3026: não foi possível copiar "C:\Projects\kazaz-api\Kazaz.SharedKernel\bin\Debug\net9.0\Kazaz.SharedKernel.dll" para "bin\Debug\net9.0\Kazaz.SharedKernel.dll". Iniciando nova tentativa 10 em 1000ms. The process cannot access the file 'C:\Projects\kazaz-api\Kazaz.API\bin\Debug\net9.0\Kazaz.SharedKernel.dll' because it is being used by another process. O arquivo é bloqueado por: "Kazaz.API (12040)" [C:\Projects\kazaz-api\Kazaz.API\Kazaz.API.csproj]
C:\Program Files\dotnet\sdk\10.0.300\Microsoft.Common.CurrentVersion.targets(5096,5): warning MSB3026: não foi possível copiar "C:\Projects\kazaz-api\Kazaz.Infrastructure\bin\Debug\net9.0\Kazaz.Infrastructure.dll" para "bin\Debug\net9.0\Kazaz.Infrastructure.dll". Iniciando nova tentativa 10 em 1000ms. The process cannot access the file 'C:\Projects\kazaz-api\Kazaz.API\bin\Debug\net9.0\Kazaz.Infrastructure.dll' because it is being used by another process. O arquivo é bloqueado por: "Microsoft Visual Studio 2022 (9996), Kazaz.API (12040)" [C:\Projects\kazaz-api\Kazaz.API\Kazaz.API.csproj]
C:\Program Files\dotnet\sdk\10.0.300\Microsoft.Common.CurrentVersion.targets(5096,5): warning MSB3026: não foi possível copiar "C:\Projects\kazaz-api\Kazaz.Application\bin\Debug\net9.0\Kazaz.Application.dll" para "bin\Debug\net9.0\Kazaz.Application.dll". Iniciando nova tentativa 10 em 1000ms. The process cannot access the file 'C:\Projects\kazaz-api\Kazaz.API\bin\Debug\net9.0\Kazaz.Application.dll' because it is being used by another process. O arquivo é bloqueado por: "Microsoft Visual Studio 2022 (9996), Kazaz.API (12040)" [C:\Projects\kazaz-api\Kazaz.API\Kazaz.API.csproj]
C:\Program Files\dotnet\sdk\10.0.300\Microsoft.Common.CurrentVersion.targets(5096,5): error MSB3027: não foi possível copiar "C:\Projects\kazaz-api\Kazaz.Domain\bin\Debug\net9.0\Kazaz.Domain.dll" para "bin\Debug\net9.0\Kazaz.Domain.dll". Número de novas tentativas 10 excedido. Falha. O arquivo é bloqueado por: "Kazaz.API (12040)" [C:\Projects\kazaz-api\Kazaz.API\Kazaz.API.csproj]
C:\Program Files\dotnet\sdk\10.0.300\Microsoft.Common.CurrentVersion.targets(5096,5): error MSB3021: Não é possível copiar o arquivo "C:\Projects\kazaz-api\Kazaz.Domain\bin\Debug\net9.0\Kazaz.Domain.dll" para "bin\Debug\net9.0\Kazaz.Domain.dll". The process cannot access the file 'C:\Projects\kazaz-api\Kazaz.API\bin\Debug\net9.0\Kazaz.Domain.dll' because it is being used by another process. [C:\Projects\kazaz-api\Kazaz.API\Kazaz.API.csproj]
C:\Program Files\dotnet\sdk\10.0.300\Microsoft.Common.CurrentVersion.targets(5096,5): error MSB3027: não foi possível copiar "C:\Projects\kazaz-api\Kazaz.SharedKernel\bin\Debug\net9.0\Kazaz.SharedKernel.dll" para "bin\Debug\net9.0\Kazaz.SharedKernel.dll". Número de novas tentativas 10 excedido. Falha. O arquivo é bloqueado por: "Kazaz.API (12040)" [C:\Projects\kazaz-api\Kazaz.API\Kazaz.API.csproj]
C:\Program Files\dotnet\sdk\10.0.300\Microsoft.Common.CurrentVersion.targets(5096,5): error MSB3021: Não é possível copiar o arquivo "C:\Projects\kazaz-api\Kazaz.SharedKernel\bin\Debug\net9.0\Kazaz.SharedKernel.dll" para "bin\Debug\net9.0\Kazaz.SharedKernel.dll". The process cannot access the file 'C:\Projects\kazaz-api\Kazaz.API\bin\Debug\net9.0\Kazaz.SharedKernel.dll' because it is being used by another process. [C:\Projects\kazaz-api\Kazaz.API\Kazaz.API.csproj]
C:\Program Files\dotnet\sdk\10.0.300\Microsoft.Common.CurrentVersion.targets(5096,5): error MSB3027: não foi possível copiar "C:\Projects\kazaz-api\Kazaz.Infrastructure\bin\Debug\net9.0\Kazaz.Infrastructure.dll" para "bin\Debug\net9.0\Kazaz.Infrastructure.dll". Número de novas tentativas 10 excedido. Falha. O arquivo é bloqueado por: "Microsoft Visual Studio 2022 (9996), Kazaz.API (12040)" [C:\Projects\kazaz-api\Kazaz.API\Kazaz.API.csproj]
C:\Program Files\dotnet\sdk\10.0.300\Microsoft.Common.CurrentVersion.targets(5096,5): error MSB3021: Não é possível copiar o arquivo "C:\Projects\kazaz-api\Kazaz.Infrastructure\bin\Debug\net9.0\Kazaz.Infrastructure.dll" para "bin\Debug\net9.0\Kazaz.Infrastructure.dll". The process cannot access the file 'C:\Projects\kazaz-api\Kazaz.API\bin\Debug\net9.0\Kazaz.Infrastructure.dll' because it is being used by another process. [C:\Projects\kazaz-api\Kazaz.API\Kazaz.API.csproj]
C:\Program Files\dotnet\sdk\10.0.300\Microsoft.Common.CurrentVersion.targets(5096,5): error MSB3027: não foi possível copiar "C:\Projects\kazaz-api\Kazaz.Application\bin\Debug\net9.0\Kazaz.Application.dll" para "bin\Debug\net9.0\Kazaz.Application.dll". Número de novas tentativas 10 excedido. Falha. O arquivo é bloqueado por: "Microsoft Visual Studio 2022 (9996), Kazaz.API (12040)" [C:\Projects\kazaz-api\Kazaz.API\Kazaz.API.csproj]
C:\Program Files\dotnet\sdk\10.0.300\Microsoft.Common.CurrentVersion.targets(5096,5): error MSB3021: Não é possível copiar o arquivo "C:\Projects\kazaz-api\Kazaz.Application\bin\Debug\net9.0\Kazaz.Application.dll" para "bin\Debug\net9.0\Kazaz.Application.dll". The process cannot access the file 'C:\Projects\kazaz-api\Kazaz.API\bin\Debug\net9.0\Kazaz.Application.dll' because it is being used by another process. [C:\Projects\kazaz-api\Kazaz.API\Kazaz.API.csproj]
    44 Aviso(s)
    8 Erro(s)

Tempo Decorrido 00:00:14.78
